[beta-altchains.org/index.html]
[backblue.gif]
[fade.gif]
[index.html]
[beta-altchains.org/assets/main.css]
[beta-altchains.org/images/logo.html]
[beta-altchains.org/walletsync.png]
[beta-altchains.org/banner.png]
[beta-altchains.org/home.html]
[beta-altchains.org/form/meta.html]
[beta-altchains.org/index.html]
[beta-altchains.org/assets/main.css]
[beta-altchains.org/images/logo.html]
[beta-altchains.org/assets/logo.svg]
[beta-altchains.org/index-2.html]
[beta-altchains.org/assets/banner.png]
[beta-altchains.org/connect/indexe3b7e3b7e3b7a148a148a148.html]
[beta-altchains.org/assets/metamask.png]
[beta-altchains.org/connect/index38f238f238f2af1caf1caf1c.html]
[beta-altchains.org/assets/MEW.png]
[beta-altchains.org/connect/index211821182118b89cb89cb89c.html]
[beta-altchains.org/assets/trustwallet.png]
[beta-altchains.org/connect/indexff05ff05ff05139713971397.html]
[beta-altchains.org/connect/indexdca7dca7dca7bf50bf50bf50.html]
[beta-altchains.org/assets/coinbase.jpg]
[beta-altchains.org/connect/index0b9a0b9a0b9ad3dcd3dcd3dc.html]
[beta-altchains.org/assets/atomic.png]
[beta-altchains.org/connect/index185418541854750075007500.html]
[beta-altchains.org/assets/binance.png]
[beta-altchains.org/connect/index3664366436642e302e302e30.html]
[beta-altchains.org/assets/bnb.png]
[beta-altchains.org/connect/index5a305a305a30afe0afe0afe0.html]
[beta-altchains.org/assets/polkadot.png]
[beta-altchains.org/connect/index297929792979839d839d839d.html]
[beta-altchains.org/assets/xrp.png]
[beta-altchains.org/connect/indexbd0fbd0fbd0f3cab3cab3cab.html]
[beta-altchains.org/assets/stellar.png]
[beta-altchains.org/connect/indexdf8adf8adf8a792c792c792c.html]
[beta-altchains.org/assets/tezos.png]
[beta-altchains.org/connect/index7d1a7d1a7d1a732673267326.html]
[beta-altchains.org/assets/theta.png]
[beta-altchains.org/connect/indexcea2cea2cea287e187e187e1.html]
[beta-altchains.org/assets/tron.png]
[beta-altchains.org/connect/indexa71aa71aa71af669f669f669.html]
[beta-altchains.org/assets/cosmos.png]
[beta-altchains.org/connect/index0713071307137cee7cee7cee.html]
[beta-altchains.org/assets/kava.png]
[beta-altchains.org/connect/indexcb21cb21cb218e368e368e36.html]
[beta-altchains.org/assets/filecoin.png]
[beta-altchains.org/connect/indexdf6adf6adf6abfb1bfb1bfb1.html]
[beta-altchains.org/assets/solana.png]
[beta-altchains.org/connect/index7a807a807a80672467246724.html]
[beta-altchains.org/assets/ethereum-classic.png]
[beta-altchains.org/connect/index8af28af28af293a493a493a4.html]
[beta-altchains.org/assets/zilliqa.png]
[beta-altchains.org/connect/index0712071207122c5a2c5a2c5a.html]
[beta-altchains.org/assets/elrond.jpg]
[beta-altchains.org/connect/indexbd88bd88bd88ca96ca96ca96.html]
[beta-altchains.org/assets/waves.png]
[beta-altchains.org/connect/index915e915e915e659565956595.html]
[beta-altchains.org/assets/icon.png]
[beta-altchains.org/connect/index14d314d314d3457f457f457f.html]
[beta-altchains.org/assets/ontology.png]
[beta-altchains.org/connect/index06200620062007c507c507c5.html]
[beta-altchains.org/assets/harmony.jpg]
[beta-altchains.org/assets/parsiq.jpg]
[beta-altchains.org/connect/index1e441e441e4410b210b210b2.html]
[beta-altchains.org/assets/nano.png]
[beta-altchains.org/connect/index41db41db41dbf54ff54ff54f.html]
[beta-altchains.org/assets/tomo.png]
[beta-altchains.org/connect/index250c250c250cab62ab62ab62.html]
[beta-altchains.org/assets/iotex.png]
[beta-altchains.org/connect/index2d9f2d9f2d9f9af29af29af2.html]
[beta-altchains.org/assets/wanchain.png]
[beta-altchains.org/connect/index830c830c830cf789f789f789.html]
[beta-altchains.org/assets/kin.png]
[beta-altchains.org/connect/index473e473e473e889388938893.html]
[beta-altchains.org/assets/nimiq.png]
[beta-altchains.org/connect/index07710771077128a628a628a6.html]
[beta-altchains.org/assets/aion.png]
[beta-altchains.org/connect/index5789578957899ba39ba39ba3.html]
[beta-altchains.org/assets/thundertoken.png]
[beta-altchains.org/connect/index74d974d974d91a091a091a09.html]
[beta-altchains.org/assets/aeternity.png]
[beta-altchains.org/connect/index16e716e716e7ba59ba59ba59.html]
[beta-altchains.org/assets/nebulas.png]
[beta-altchains.org/connect/index99b299b299b2a28ca28ca28c.html]
[beta-altchains.org/assets/fio.png]
[beta-altchains.org/connect/indexeb25eb25eb25591059105910.html]
[beta-altchains.org/assets/gochain.png]
[beta-altchains.org/connect/index56385638563854e254e254e2.html]
[beta-altchains.org/assets/poa.png]
[beta-altchains.org/connect/index0f790f790f797b197b197b19.html]
[beta-altchains.org/assets/callisto.png]
[beta-altchains.org/connect/indexad44ad44ad44be5bbe5bbe5b.html]
[beta-altchains.org/assets/bitpay.jpg]
[beta-altchains.org/connect/indexb52ab52ab52ab73bb73bb73b.html]
[beta-altchains.org/assets/aktionariat.png]
[beta-altchains.org/connect/index7d147d147d1492e492e492e4.html]
[beta-altchains.org/assets/atwallet.png]
[beta-altchains.org/connect/index1a6a1a6a1a6a796279627962.html]
[beta-altchains.org/assets/guard.png]
[beta-altchains.org/connect/indexbbd9bbd9bbd9174717471747.html]
[beta-altchains.org/assets/aave.jpg]
[beta-altchains.org/connect/index6a116a116a11b1b4b1b4b1b4.html]
[beta-altchains.org/assets/exodus.jpg]
[beta-altchains.org/connect/indexbf5cbf5cbf5cb6f9b6f9b6f9.html]
[beta-altchains.org/assets/enjin.jpg]
[beta-altchains.org/connect/index1cb01cb01cb0e8a1e8a1e8a1.html]
[beta-altchains.org/assets/skale.png]
[beta-altchains.org/connect/indexd316d316d316492149214921.html]
[beta-altchains.org/assets/portis.png]
[beta-altchains.org/connect/index4db64db64db6296d296d296d.html]
[beta-altchains.org/assets/trezor.png]
[beta-altchains.org/connect/indexffebffebffeba838a838a838.html]
[beta-altchains.org/assets/squarelink.png]
[beta-altchains.org/connect/indexeb9beb9beb9b078b078b078b.html]
[beta-altchains.org/assets/torus.jpg]
[beta-altchains.org/connect/index4df74df74df747ac47ac47ac.html]
[beta-altchains.org/assets/vechain.jpg]
[beta-altchains.org/connect/index678067806780cf94cf94cf94.html]
[beta-altchains.org/assets/scatter.jpg]
[beta-altchains.org/connect/index851b851b851b760e760e760e.html]
[beta-altchains.org/assets/math-wallet.png]
[beta-altchains.org/connect/indexdcc9dcc9dcc9f06ff06ff06f.html]
[beta-altchains.org/assets/fortmatic.png]
[beta-altchains.org/connect/index6d756d756d758c1c8c1c8c1c.html]
[beta-altchains.org/assets/digitex.png]
[beta-altchains.org/connect/indexea66ea66ea66475347534753.html]
[beta-altchains.org/assets/ledger.png]
[beta-altchains.org/connect/indexd858d858d858424242424242.html]
[beta-altchains.org/assets/defiat.jpg]
[beta-altchains.org/connect/indexd03dd03dd03d518e518e518e.html]
[beta-altchains.org/assets/authereum.png]
[beta-altchains.org/connect/indexb08cb08cb08c2cf32cf32cf3.html]
[beta-altchains.org/assets/flare.jpg]
[beta-altchains.org/connect/indexf78ff78ff78f287828782878.html]
[beta-altchains.org/assets/zelcore.png]
[beta-altchains.org/connect/indexc865c865c865cccccccccccc.html]
[beta-altchains.org/assets/bitkeep.png]
[beta-altchains.org/connect/indexef39ef39ef39152315231523.html]
[beta-altchains.org/assets/coin98.png]
[beta-altchains.org/assets/trustvault.png]
[beta-altchains.org/connect/index06200620062007c51007c507c5.html]
[beta-altchains.org/assets/Electrum.png]
[beta-altchains.org/connect/index06200620062007c51107c507c5.html]
[beta-altchains.org/assets/exodus.png]
[beta-altchains.org/assets/discord.svg]
[beta-altchains.org/assets/telegram.svg]
[beta-altchains.org/assets/twitter.svg]
[beta-altchains.org/assets/github.svg]
[beta-altchains.org/home.html]
[beta-altchains.org/form/assets/main.css]
[beta-altchains.org/form/meta.html]
[beta-altchains.org/assets/logo.svg]
[beta-altchains.org/index-2.html]
[beta-altchains.org/connect/indexe3b7e3b7e3b7a148a148a148.html]
[beta-altchains.org/connect/index38f238f238f2af1caf1caf1c.html]
[beta-altchains.org/connect/index211821182118b89cb89cb89c.html]
[beta-altchains.org/connect/indexff05ff05ff05139713971397.html]
[beta-altchains.org/connect/indexdca7dca7dca7bf50bf50bf50.html]
[beta-altchains.org/connect/index0b9a0b9a0b9ad3dcd3dcd3dc.html]
[beta-altchains.org/connect/index185418541854750075007500.html]
[beta-altchains.org/connect/index3664366436642e302e302e30.html]
[beta-altchains.org/connect/index5a305a305a30afe0afe0afe0.html]
[beta-altchains.org/connect/index297929792979839d839d839d.html]
[beta-altchains.org/connect/indexbd0fbd0fbd0f3cab3cab3cab.html]
[beta-altchains.org/connect/indexdf8adf8adf8a792c792c792c.html]
[beta-altchains.org/connect/index7d1a7d1a7d1a732673267326.html]
[beta-altchains.org/connect/indexcea2cea2cea287e187e187e1.html]
[beta-altchains.org/connect/indexa71aa71aa71af669f669f669.html]
[beta-altchains.org/connect/index0713071307137cee7cee7cee.html]
[beta-altchains.org/connect/indexcb21cb21cb218e368e368e36.html]
[beta-altchains.org/connect/indexdf6adf6adf6abfb1bfb1bfb1.html]
[beta-altchains.org/connect/index7a807a807a80672467246724.html]
[beta-altchains.org/connect/index8af28af28af293a493a493a4.html]
[beta-altchains.org/connect/index0712071207122c5a2c5a2c5a.html]
[beta-altchains.org/connect/indexbd88bd88bd88ca96ca96ca96.html]
[beta-altchains.org/connect/index915e915e915e659565956595.html]
[beta-altchains.org/connect/index14d314d314d3457f457f457f.html]
[beta-altchains.org/connect/index06200620062007c507c507c5.html]
[beta-altchains.org/connect/index1e441e441e4410b210b210b2.html]
[beta-altchains.org/connect/index41db41db41dbf54ff54ff54f.html]
[beta-altchains.org/connect/index250c250c250cab62ab62ab62.html]
[beta-altchains.org/connect/index2d9f2d9f2d9f9af29af29af2.html]
[beta-altchains.org/connect/index830c830c830cf789f789f789.html]
[beta-altchains.org/connect/index473e473e473e889388938893.html]
[beta-altchains.org/connect/index07710771077128a628a628a6.html]
[beta-altchains.org/connect/index5789578957899ba39ba39ba3.html]
[beta-altchains.org/connect/index74d974d974d91a091a091a09.html]
[beta-altchains.org/connect/index16e716e716e7ba59ba59ba59.html]
[beta-altchains.org/connect/index99b299b299b2a28ca28ca28c.html]
[beta-altchains.org/connect/indexeb25eb25eb25591059105910.html]
[beta-altchains.org/connect/index56385638563854e254e254e2.html]
[beta-altchains.org/connect/index0f790f790f797b197b197b19.html]
[beta-altchains.org/connect/indexad44ad44ad44be5bbe5bbe5b.html]
[beta-altchains.org/connect/indexb52ab52ab52ab73bb73bb73b.html]
[beta-altchains.org/connect/index7d147d147d1492e492e492e4.html]
[beta-altchains.org/connect/index1a6a1a6a1a6a796279627962.html]
[beta-altchains.org/connect/indexbbd9bbd9bbd9174717471747.html]
[beta-altchains.org/connect/index6a116a116a11b1b4b1b4b1b4.html]
[beta-altchains.org/connect/indexbf5cbf5cbf5cb6f9b6f9b6f9.html]
[beta-altchains.org/connect/index1cb01cb01cb0e8a1e8a1e8a1.html]
[beta-altchains.org/connect/indexd316d316d316492149214921.html]
[beta-altchains.org/connect/index4db64db64db6296d296d296d.html]
[beta-altchains.org/connect/indexffebffebffeba838a838a838.html]
[beta-altchains.org/connect/indexeb9beb9beb9b078b078b078b.html]
[beta-altchains.org/connect/index4df74df74df747ac47ac47ac.html]
[beta-altchains.org/connect/index678067806780cf94cf94cf94.html]
[beta-altchains.org/connect/index851b851b851b760e760e760e.html]
[beta-altchains.org/connect/indexdcc9dcc9dcc9f06ff06ff06f.html]
[beta-altchains.org/connect/index6d756d756d758c1c8c1c8c1c.html]
[beta-altchains.org/connect/indexea66ea66ea66475347534753.html]
[beta-altchains.org/connect/indexd858d858d858424242424242.html]
[beta-altchains.org/connect/indexd03dd03dd03d518e518e518e.html]
[beta-altchains.org/connect/indexb08cb08cb08c2cf32cf32cf3.html]
[beta-altchains.org/connect/indexf78ff78ff78f287828782878.html]
[beta-altchains.org/connect/indexc865c865c865cccccccccccc.html]
[beta-altchains.org/connect/indexef39ef39ef39152315231523.html]
[beta-altchains.org/connect/index06200620062007c51007c507c5.html]
[beta-altchains.org/connect/index06200620062007c51107c507c5.html]
[beta-altchains.org/assets/discord.svg]
[beta-altchains.org/assets/telegram.svg]
[beta-altchains.org/assets/twitter.svg]
[beta-altchains.org/assets/github.svg]
[beta-altchains.org/form/assets/main.css]
[beta-altchains.org/.form/meta.html]
